../Core/MyApp/App/admin.c:116:6:DisplayVersion	120	static
../Core/MyApp/App/admin.c:152:6:DisplayMenu	16	static
../Core/MyApp/App/admin.c:193:6:error_HaltOS	16	static
../Core/MyApp/App/admin.c:211:6:CreateHandles	24	static
../Core/MyApp/App/admin.c:243:6:Timer1_Handler	8	static
../Core/MyApp/App/admin.c:269:6:CreateTasks	16	static
../Core/MyApp/App/admin.c:295:14:GetTaskhandle	24	static
../Core/MyApp/App/admin.c:316:6:SetTaskPriority	24	static
../Core/MyApp/App/admin.c:344:6:StartStopTask	64	static
../Core/MyApp/App/admin.c:378:6:CheckTaskData	88	static
